mode: set
github.com/toluna-terraform/terraform-aws-codepipline-test-framework/cover.go:7.1,8.0 1 0
github.com/toluna-terraform/terraform-aws-codepipline-test-framework/cover.go:9.1,10.0 1 0
github.com/toluna-terraform/terraform-aws-codepipline-test-framework/cover.go:11.1,12.0 1 0
github.com/toluna-terraform/terraform-aws-codepipline-test-framework/cover.go:13.1,14.0 1 0
github.com/toluna-terraform/terraform-aws-codepipline-test-framework/cover.go:15.1,16.0 1 0
github.com/toluna-terraform/terraform-aws-codepipline-test-framework/cover.go:17.1,18.0 1 0
github.com/toluna-terraform/terraform-aws-codepipline-test-framework/cover.go:19.1,20.0 1 0
github.com/toluna-terraform/terraform-aws-codepipline-test-framework/cover.go:21.1,22.0 1 0
github.com/toluna-terraform/terraform-aws-codepipline-test-framework/cover.go:23.1,24.0 1 0
github.com/toluna-terraform/terraform-aws-codepipline-test-framework/cover.go:25.1,26.0 1 0
github.com/toluna-terraform/terraform-aws-codepipline-test-framework/cover.go:27.1,28.0 1 0
github.com/toluna-terraform/terraform-aws-codepipline-test-framework/cover.go:29.1,30.0 1 0
github.com/toluna-terraform/terraform-aws-codepipline-test-framework/cover.go:31.1,32.0 1 0
github.com/toluna-terraform/terraform-aws-codepipline-test-framework/cover.go:33.1,34.0 1 0
github.com/toluna-terraform/terraform-aws-codepipline-test-framework/cover.go:35.1,36.0 1 0
github.com/toluna-terraform/terraform-aws-codepipline-test-framework/cover.go:37.1,38.0 1 1
github.com/toluna-terraform/terraform-aws-codepipline-test-framework/cover.go:39.1,40.0 1 0
github.com/toluna-terraform/terraform-aws-codepipline-test-framework/cover.go:41.1,42.0 1 0
github.com/toluna-terraform/terraform-aws-codepipline-test-framework/cover.go:43.1,44.0 1 0
github.com/toluna-terraform/terraform-aws-codepipline-test-framework/cover.go:45.1,46.0 1 1
github.com/toluna-terraform/terraform-aws-codepipline-test-framework/cover.go:47.1,48.0 1 0
github.com/toluna-terraform/terraform-aws-codepipline-test-framework/cover.go:49.1,50.0 1 0
